Cache sync 1 at Tue Apr 28 18:13:28 UTC 2026
Cache sync 2 at Tue Apr 28 18:13:28 UTC 2026
Cache sync 3 at Tue Apr 28 18:13:28 UTC 2026
Cache sync 4 at Tue Apr 28 18:13:28 UTC 2026
Cache sync 5 at Tue Apr 28 18:13:28 UTC 2026
Cache sync 6 at Tue Apr 28 18:13:28 UTC 2026
Cache sync 7 at Tue Apr 28 18:13:28 UTC 2026
Cache sync 8 at Tue Apr 28 18:13:28 UTC 2026
Cache sync 9 at Tue Apr 28 18:13:28 UTC 2026
Cache sync 1 at Wed Apr 29 18:08:02 UTC 2026
Cache sync 2 at Wed Apr 29 18:08:02 UTC 2026
Cache sync 3 at Wed Apr 29 18:08:02 UTC 2026
Cache sync 4 at Wed Apr 29 18:08:02 UTC 2026
Cache sync 1 at Thu Apr 30 18:05:31 UTC 2026
Cache sync 2 at Thu Apr 30 18:05:31 UTC 2026
Cache sync 3 at Thu Apr 30 18:05:31 UTC 2026
Cache sync 4 at Thu Apr 30 18:05:31 UTC 2026
Cache sync 5 at Thu Apr 30 18:05:31 UTC 2026
Cache sync 6 at Thu Apr 30 18:05:31 UTC 2026
Cache sync 1 at Fri May  1 17:51:06 UTC 2026
Cache sync 2 at Fri May  1 17:51:06 UTC 2026
Cache sync 3 at Fri May  1 17:51:06 UTC 2026
Cache sync 4 at Fri May  1 17:51:06 UTC 2026
Cache sync 5 at Fri May  1 17:51:06 UTC 2026
Cache sync 6 at Fri May  1 17:51:06 UTC 2026
Cache sync 7 at Fri May  1 17:51:06 UTC 2026
Cache sync 8 at Fri May  1 17:51:06 UTC 2026
Cache sync 9 at Fri May  1 17:51:06 UTC 2026
Cache sync 10 at Fri May  1 17:51:06 UTC 2026
Cache sync 11 at Fri May  1 17:51:06 UTC 2026
Cache sync 12 at Fri May  1 17:51:06 UTC 2026
Cache sync 13 at Fri May  1 17:51:06 UTC 2026
Cache sync 14 at Fri May  1 17:51:06 UTC 2026
Cache sync 15 at Fri May  1 17:51:06 UTC 2026
Cache sync 16 at Fri May  1 17:51:06 UTC 2026
Cache sync 17 at Fri May  1 17:51:06 UTC 2026
Cache sync 18 at Fri May  1 17:51:06 UTC 2026
Cache sync 19 at Fri May  1 17:51:06 UTC 2026
Cache sync 20 at Fri May  1 17:51:06 UTC 2026
Cache sync 21 at Fri May  1 17:51:06 UTC 2026
Cache sync 22 at Fri May  1 17:51:06 UTC 2026
Cache sync 23 at Fri May  1 17:51:06 UTC 2026
Cache sync 24 at Fri May  1 17:51:06 UTC 2026
Cache sync 25 at Fri May  1 17:51:06 UTC 2026
Cache sync 26 at Fri May  1 17:51:06 UTC 2026
Cache sync 27 at Fri May  1 17:51:06 UTC 2026
Cache sync 28 at Fri May  1 17:51:06 UTC 2026
Cache sync 29 at Fri May  1 17:51:06 UTC 2026
Cache sync 1 at Sat May  2 17:37:36 UTC 2026
Cache sync 2 at Sat May  2 17:37:36 UTC 2026
Cache sync 3 at Sat May  2 17:37:36 UTC 2026
Cache sync 4 at Sat May  2 17:37:36 UTC 2026
Cache sync 5 at Sat May  2 17:37:36 UTC 2026
Cache sync 6 at Sat May  2 17:37:36 UTC 2026
Cache sync 7 at Sat May  2 17:37:36 UTC 2026
Cache sync 8 at Sat May  2 17:37:36 UTC 2026
Cache sync 9 at Sat May  2 17:37:36 UTC 2026
Cache sync 10 at Sat May  2 17:37:36 UTC 2026
Cache sync 11 at Sat May  2 17:37:36 UTC 2026
Cache sync 12 at Sat May  2 17:37:36 UTC 2026
Cache sync 13 at Sat May  2 17:37:36 UTC 2026
Cache sync 14 at Sat May  2 17:37:36 UTC 2026
Cache sync 15 at Sat May  2 17:37:36 UTC 2026
Cache sync 16 at Sat May  2 17:37:36 UTC 2026
Cache sync 17 at Sat May  2 17:37:36 UTC 2026
Cache sync 18 at Sat May  2 17:37:36 UTC 2026
Cache sync 19 at Sat May  2 17:37:36 UTC 2026
Cache sync 20 at Sat May  2 17:37:36 UTC 2026
Cache sync 21 at Sat May  2 17:37:36 UTC 2026
Cache sync 22 at Sat May  2 17:37:36 UTC 2026
Cache sync 23 at Sat May  2 17:37:36 UTC 2026
Cache sync 24 at Sat May  2 17:37:36 UTC 2026
Cache sync 1 at Sun May  3 17:39:17 UTC 2026
Cache sync 2 at Sun May  3 17:39:17 UTC 2026
Cache sync 3 at Sun May  3 17:39:17 UTC 2026
Cache sync 4 at Sun May  3 17:39:17 UTC 2026
Cache sync 5 at Sun May  3 17:39:17 UTC 2026
Cache sync 6 at Sun May  3 17:39:17 UTC 2026
Cache sync 7 at Sun May  3 17:39:17 UTC 2026
Cache sync 8 at Sun May  3 17:39:17 UTC 2026
Cache sync 9 at Sun May  3 17:39:17 UTC 2026
Cache sync 10 at Sun May  3 17:39:17 UTC 2026
Cache sync 11 at Sun May  3 17:39:17 UTC 2026
Cache sync 12 at Sun May  3 17:39:17 UTC 2026
Cache sync 13 at Sun May  3 17:39:17 UTC 2026
Cache sync 14 at Sun May  3 17:39:17 UTC 2026
Cache sync 15 at Sun May  3 17:39:17 UTC 2026
Cache sync 16 at Sun May  3 17:39:17 UTC 2026
Cache sync 17 at Sun May  3 17:39:17 UTC 2026
Cache sync 18 at Sun May  3 17:39:17 UTC 2026
Cache sync 19 at Sun May  3 17:39:17 UTC 2026
Cache sync 20 at Sun May  3 17:39:17 UTC 2026
Cache sync 21 at Sun May  3 17:39:17 UTC 2026
Cache sync 22 at Sun May  3 17:39:17 UTC 2026
Cache sync 23 at Sun May  3 17:39:17 UTC 2026
Cache sync 24 at Sun May  3 17:39:17 UTC 2026
Cache sync 25 at Sun May  3 17:39:17 UTC 2026
Cache sync 26 at Sun May  3 17:39:17 UTC 2026
Cache sync 27 at Sun May  3 17:39:17 UTC 2026
Cache sync 28 at Sun May  3 17:39:17 UTC 2026
Cache sync 29 at Sun May  3 17:39:17 UTC 2026
Cache sync 30 at Sun May  3 17:39:17 UTC 2026
Cache sync 31 at Sun May  3 17:39:17 UTC 2026
Cache sync 32 at Sun May  3 17:39:17 UTC 2026
Cache sync 33 at Sun May  3 17:39:17 UTC 2026
Cache sync 34 at Sun May  3 17:39:17 UTC 2026
Cache sync 35 at Sun May  3 17:39:17 UTC 2026
Cache sync 36 at Sun May  3 17:39:17 UTC 2026
Cache sync 37 at Sun May  3 17:39:17 UTC 2026
Cache sync 38 at Sun May  3 17:39:17 UTC 2026
Cache sync 39 at Sun May  3 17:39:17 UTC 2026
Cache sync 40 at Sun May  3 17:39:17 UTC 2026
Cache sync 41 at Sun May  3 17:39:17 UTC 2026
Cache sync 42 at Sun May  3 17:39:17 UTC 2026
Cache sync 43 at Sun May  3 17:39:17 UTC 2026
Cache sync 44 at Sun May  3 17:39:17 UTC 2026
Cache sync 45 at Sun May  3 17:39:17 UTC 2026
Cache sync 46 at Sun May  3 17:39:17 UTC 2026
Cache sync 47 at Sun May  3 17:39:17 UTC 2026
Cache sync 48 at Sun May  3 17:39:17 UTC 2026
Cache sync 49 at Sun May  3 17:39:17 UTC 2026
Cache sync 50 at Sun May  3 17:39:17 UTC 2026
Cache sync 51 at Sun May  3 17:39:17 UTC 2026
Cache sync 52 at Sun May  3 17:39:17 UTC 2026
Cache sync 53 at Sun May  3 17:39:17 UTC 2026
Cache sync 54 at Sun May  3 17:39:17 UTC 2026
Cache sync 55 at Sun May  3 17:39:17 UTC 2026
Cache sync 56 at Sun May  3 17:39:17 UTC 2026
Cache sync 57 at Sun May  3 17:39:17 UTC 2026
Cache sync 58 at Sun May  3 17:39:17 UTC 2026
Cache sync 59 at Sun May  3 17:39:17 UTC 2026
Cache sync 60 at Sun May  3 17:39:17 UTC 2026
Cache sync 61 at Sun May  3 17:39:17 UTC 2026
Cache sync 62 at Sun May  3 17:39:17 UTC 2026
Cache sync 63 at Sun May  3 17:39:17 UTC 2026
Cache sync 64 at Sun May  3 17:39:17 UTC 2026
Cache sync 65 at Sun May  3 17:39:17 UTC 2026
Cache sync 66 at Sun May  3 17:39:17 UTC 2026
Cache sync 67 at Sun May  3 17:39:17 UTC 2026
Cache sync 68 at Sun May  3 17:39:17 UTC 2026
Cache sync 69 at Sun May  3 17:39:17 UTC 2026
Cache sync 70 at Sun May  3 17:39:17 UTC 2026
Cache sync 71 at Sun May  3 17:39:17 UTC 2026
Cache sync 72 at Sun May  3 17:39:17 UTC 2026
Cache sync 73 at Sun May  3 17:39:17 UTC 2026
Cache sync 74 at Sun May  3 17:39:17 UTC 2026
Cache sync 75 at Sun May  3 17:39:17 UTC 2026
Cache sync 76 at Sun May  3 17:39:17 UTC 2026
Cache sync 77 at Sun May  3 17:39:17 UTC 2026
Cache sync 1 at Mon May  4 18:09:56 UTC 2026
Cache sync 2 at Mon May  4 18:09:56 UTC 2026
Cache sync 3 at Mon May  4 18:09:56 UTC 2026
Cache sync 4 at Mon May  4 18:09:56 UTC 2026
Cache sync 5 at Mon May  4 18:09:56 UTC 2026
Cache sync 6 at Mon May  4 18:09:56 UTC 2026
Cache sync 7 at Mon May  4 18:09:56 UTC 2026
Cache sync 8 at Mon May  4 18:09:56 UTC 2026
Cache sync 9 at Mon May  4 18:09:56 UTC 2026
Cache sync 10 at Mon May  4 18:09:56 UTC 2026
Cache sync 11 at Mon May  4 18:09:56 UTC 2026
Cache sync 12 at Mon May  4 18:09:56 UTC 2026
Cache sync 13 at Mon May  4 18:09:56 UTC 2026
Cache sync 14 at Mon May  4 18:09:56 UTC 2026
Cache sync 15 at Mon May  4 18:09:56 UTC 2026
Cache sync 16 at Mon May  4 18:09:56 UTC 2026
Cache sync 17 at Mon May  4 18:09:56 UTC 2026
Cache sync 18 at Mon May  4 18:09:56 UTC 2026
Cache sync 19 at Mon May  4 18:09:56 UTC 2026
Cache sync 20 at Mon May  4 18:09:56 UTC 2026
Cache sync 21 at Mon May  4 18:09:56 UTC 2026
Cache sync 22 at Mon May  4 18:09:56 UTC 2026
Cache sync 23 at Mon May  4 18:09:56 UTC 2026
Cache sync 24 at Mon May  4 18:09:56 UTC 2026
Cache sync 25 at Mon May  4 18:09:56 UTC 2026
Cache sync 26 at Mon May  4 18:09:56 UTC 2026
Cache sync 27 at Mon May  4 18:09:56 UTC 2026
Cache sync 28 at Mon May  4 18:09:56 UTC 2026
Cache sync 29 at Mon May  4 18:09:56 UTC 2026
Cache sync 30 at Mon May  4 18:09:56 UTC 2026
Cache sync 31 at Mon May  4 18:09:56 UTC 2026
Cache sync 32 at Mon May  4 18:09:56 UTC 2026
Cache sync 33 at Mon May  4 18:09:56 UTC 2026
Cache sync 34 at Mon May  4 18:09:56 UTC 2026
Cache sync 35 at Mon May  4 18:09:56 UTC 2026
Cache sync 36 at Mon May  4 18:09:56 UTC 2026
Cache sync 37 at Mon May  4 18:09:56 UTC 2026
Cache sync 38 at Mon May  4 18:09:56 UTC 2026
Cache sync 39 at Mon May  4 18:09:56 UTC 2026
Cache sync 40 at Mon May  4 18:09:56 UTC 2026
Cache sync 41 at Mon May  4 18:09:56 UTC 2026
